
Memory Configuration

Name             Origin             Length             Attributes
FLASH            0x08000000         0x00020000         xr
SRAM             0x20000000         0x00005000         xrw
*default*        0x00000000         0xffffffff

Linker script and memory map


.text           0x08000000       0xe0
 *(.vectors*)
 .vectors       0x08000000       0x60 startup.o
 *(.text*)
 .text          0x08000060       0x78 main.o
                0x08000060                main
 .text          0x080000d8        0x8 startup.o
 *(.rodata)

.glue_7         0x080000e0        0x0
 .glue_7        0x080000e0        0x0 linker stubs

.glue_7t        0x080000e0        0x0
 .glue_7t       0x080000e0        0x0 linker stubs

.vfp11_veneer   0x080000e0        0x0
 .vfp11_veneer  0x080000e0        0x0 linker stubs

.v4_bx          0x080000e0        0x0
 .v4_bx         0x080000e0        0x0 linker stubs

.iplt           0x080000e0        0x0
 .iplt          0x080000e0        0x0 main.o

.rel.dyn        0x080000e0        0x0
 .rel.iplt      0x080000e0        0x0 main.o

.data           0x20000000        0x4
 *(.data)
 .data          0x20000000        0x4 main.o
                0x20000000                R_ODR
 .data          0x20000004        0x0 startup.o

.igot.plt       0x20000004        0x0
 .igot.plt      0x20000004        0x0 main.o

.bss            0x20000004        0x0
 *(.bss)
 .bss           0x20000004        0x0 main.o
 .bss           0x20000004        0x0 startup.o

.comment        0x080000e0       0x7e
 *(.comment)
 .comment       0x080000e0       0x7e main.o
                                 0x7f (size before relaxing)
 *(COMMON)
LOAD main.o
LOAD startup.o
OUTPUT(learn_in_depth_cortex_m3_s_startup.elf elf32-littlearm)

.ARM.attributes
                0x00000000       0x31
 .ARM.attributes
                0x00000000       0x33 main.o
 .ARM.attributes
                0x00000033       0x21 startup.o

.debug_info     0x00000000      0x175
 .debug_info    0x00000000      0x14f main.o
 .debug_info    0x0000014f       0x26 startup.o

.debug_abbrev   0x00000000       0xf2
 .debug_abbrev  0x00000000       0xde main.o
 .debug_abbrev  0x000000de       0x14 startup.o

.debug_loc      0x00000000       0x38
 .debug_loc     0x00000000       0x38 main.o

.debug_aranges  0x00000000       0x40
 .debug_aranges
                0x00000000       0x20 main.o
 .debug_aranges
                0x00000020       0x20 startup.o

.debug_line     0x00000000      0x118
 .debug_line    0x00000000       0xdd main.o
 .debug_line    0x000000dd       0x3b startup.o

.debug_str      0x00000000      0x133
 .debug_str     0x00000000      0x124 main.o
                                0x161 (size before relaxing)
 .debug_str     0x00000124        0xf startup.o
                                 0x3b (size before relaxing)

.debug_frame    0x00000000       0x2c
 .debug_frame   0x00000000       0x2c main.o
