Archive member included to satisfy reference by file (symbol)

c:/st/stm32cubeide_1.4.0/stm32cubeide/plugins/com.st.stm32cube.ide.mcu.externaltools.gnu-tools-for-stm32.7-2018-q2-update.win32_1.4.0.202007081208/tools/bin/../lib/gcc/arm-none-eabi/7.3.1/../../../../arm-none-eabi/lib/thumb/v7-m\libc_nano.a(lib_a-errno.o)
                              Src/syscalls.o (__errno)
c:/st/stm32cubeide_1.4.0/stm32cubeide/plugins/com.st.stm32cube.ide.mcu.externaltools.gnu-tools-for-stm32.7-2018-q2-update.win32_1.4.0.202007081208/tools/bin/../lib/gcc/arm-none-eabi/7.3.1/../../../../arm-none-eabi/lib/thumb/v7-m\libc_nano.a(lib_a-exit.o)
                              c:/st/stm32cubeide_1.4.0/stm32cubeide/plugins/com.st.stm32cube.ide.mcu.externaltools.gnu-tools-for-stm32.7-2018-q2-update.win32_1.4.0.202007081208/tools/bin/../lib/gcc/arm-none-eabi/7.3.1/../../../../arm-none-eabi/lib/thumb/v7-m/crt0.o (exit)
c:/st/stm32cubeide_1.4.0/stm32cubeide/plugins/com.st.stm32cube.ide.mcu.externaltools.gnu-tools-for-stm32.7-2018-q2-update.win32_1.4.0.202007081208/tools/bin/../lib/gcc/arm-none-eabi/7.3.1/../../../../arm-none-eabi/lib/thumb/v7-m\libc_nano.a(lib_a-impure.o)
                              c:/st/stm32cubeide_1.4.0/stm32cubeide/plugins/com.st.stm32cube.ide.mcu.externaltools.gnu-tools-for-stm32.7-2018-q2-update.win32_1.4.0.202007081208/tools/bin/../lib/gcc/arm-none-eabi/7.3.1/../../../../arm-none-eabi/lib/thumb/v7-m\libc_nano.a(lib_a-exit.o) (_global_impure_ptr)
c:/st/stm32cubeide_1.4.0/stm32cubeide/plugins/com.st.stm32cube.ide.mcu.externaltools.gnu-tools-for-stm32.7-2018-q2-update.win32_1.4.0.202007081208/tools/bin/../lib/gcc/arm-none-eabi/7.3.1/../../../../arm-none-eabi/lib/thumb/v7-m\libc_nano.a(lib_a-init.o)
                              c:/st/stm32cubeide_1.4.0/stm32cubeide/plugins/com.st.stm32cube.ide.mcu.externaltools.gnu-tools-for-stm32.7-2018-q2-update.win32_1.4.0.202007081208/tools/bin/../lib/gcc/arm-none-eabi/7.3.1/../../../../arm-none-eabi/lib/thumb/v7-m/crt0.o (__libc_init_array)
c:/st/stm32cubeide_1.4.0/stm32cubeide/plugins/com.st.stm32cube.ide.mcu.externaltools.gnu-tools-for-stm32.7-2018-q2-update.win32_1.4.0.202007081208/tools/bin/../lib/gcc/arm-none-eabi/7.3.1/../../../../arm-none-eabi/lib/thumb/v7-m\libc_nano.a(lib_a-memset.o)
                              c:/st/stm32cubeide_1.4.0/stm32cubeide/plugins/com.st.stm32cube.ide.mcu.externaltools.gnu-tools-for-stm32.7-2018-q2-update.win32_1.4.0.202007081208/tools/bin/../lib/gcc/arm-none-eabi/7.3.1/../../../../arm-none-eabi/lib/thumb/v7-m/crt0.o (memset)
c:/st/stm32cubeide_1.4.0/stm32cubeide/plugins/com.st.stm32cube.ide.mcu.externaltools.gnu-tools-for-stm32.7-2018-q2-update.win32_1.4.0.202007081208/tools/bin/../lib/gcc/arm-none-eabi/7.3.1/../../../../arm-none-eabi/lib/thumb/v7-m\libc_nano.a(lib_a-sprintf.o)
                              STM32_F103C6_Drivers/HAL_Drivers/LCD_Driver/LCD.o (sprintf)
c:/st/stm32cubeide_1.4.0/stm32cubeide/plugins/com.st.stm32cube.ide.mcu.externaltools.gnu-tools-for-stm32.7-2018-q2-update.win32_1.4.0.202007081208/tools/bin/../lib/gcc/arm-none-eabi/7.3.1/../../../../arm-none-eabi/lib/thumb/v7-m\libc_nano.a(lib_a-nano-svfprintf.o)
                              c:/st/stm32cubeide_1.4.0/stm32cubeide/plugins/com.st.stm32cube.ide.mcu.externaltools.gnu-tools-for-stm32.7-2018-q2-update.win32_1.4.0.202007081208/tools/bin/../lib/gcc/arm-none-eabi/7.3.1/../../../../arm-none-eabi/lib/thumb/v7-m\libc_nano.a(lib_a-sprintf.o) (_svfprintf_r)
c:/st/stm32cubeide_1.4.0/stm32cubeide/plugins/com.st.stm32cube.ide.mcu.externaltools.gnu-tools-for-stm32.7-2018-q2-update.win32_1.4.0.202007081208/tools/bin/../lib/gcc/arm-none-eabi/7.3.1/../../../../arm-none-eabi/lib/thumb/v7-m\libc_nano.a(lib_a-nano-vfprintf_i.o)
                              c:/st/stm32cubeide_1.4.0/stm32cubeide/plugins/com.st.stm32cube.ide.mcu.externaltools.gnu-tools-for-stm32.7-2018-q2-update.win32_1.4.0.202007081208/tools/bin/../lib/gcc/arm-none-eabi/7.3.1/../../../../arm-none-eabi/lib/thumb/v7-m\libc_nano.a(lib_a-nano-svfprintf.o) (_printf_i)
c:/st/stm32cubeide_1.4.0/stm32cubeide/plugins/com.st.stm32cube.ide.mcu.externaltools.gnu-tools-for-stm32.7-2018-q2-update.win32_1.4.0.202007081208/tools/bin/../lib/gcc/arm-none-eabi/7.3.1/../../../../arm-none-eabi/lib/thumb/v7-m\libc_nano.a(lib_a-memchr-stub.o)
                              c:/st/stm32cubeide_1.4.0/stm32cubeide/plugins/com.st.stm32cube.ide.mcu.externaltools.gnu-tools-for-stm32.7-2018-q2-update.win32_1.4.0.202007081208/tools/bin/../lib/gcc/arm-none-eabi/7.3.1/../../../../arm-none-eabi/lib/thumb/v7-m\libc_nano.a(lib_a-nano-svfprintf.o) (memchr)
c:/st/stm32cubeide_1.4.0/stm32cubeide/plugins/com.st.stm32cube.ide.mcu.externaltools.gnu-tools-for-stm32.7-2018-q2-update.win32_1.4.0.202007081208/tools/bin/../lib/gcc/arm-none-eabi/7.3.1/../../../../arm-none-eabi/lib/thumb/v7-m\libc_nano.a(lib_a-memcpy-stub.o)
[...]
Memory Configuration

Name             Origin             Length             Attributes
RAM              0x0000000020000000 0x0000000000002800 xrw
ROM              0x0000000008000000 0x0000000000008000 xr
*default*        0x0000000000000000 0xffffffffffffffff

Linker script and memory map

LOAD c:/st/stm32cubeide_1.4.0/stm32cubeide/plugins/com.st.stm32cube.ide.mcu.externaltools.gnu-tools-for-stm32.7-2018-q2-update.win32_1.4.0.202007081208/tools/bin/../lib/gcc/arm-none-eabi/7.3.1/thumb/v7-m/crti.o
LOAD c:/st/stm32cubeide_1.4.0/stm32cubeide/plugins/com.st.stm32cube.ide.mcu.externaltools.gnu-tools-for-stm32.7-2018-q2-update.win32_1.4.0.202007081208/tools/bin/../lib/gcc/arm-none-eabi/7.3.1/thumb/v7-m/crtbegin.o
LOAD c:/st/stm32cubeide_1.4.0/stm32cubeide/plugins/com.st.stm32cube.ide.mcu.externaltools.gnu-tools-for-stm32.7-2018-q2-update.win32_1.4.0.202007081208/tools/bin/../lib/gcc/arm-none-eabi/7.3.1/../../../../arm-none-eabi/lib/thumb/v7-m/crt0.o
LOAD STM32_F103C6_Drivers/EXTI_Driver/STM32_F103C6_EXTI_Driver.o
LOAD STM32_F103C6_Drivers/GPIO_Driver/STM32_F103C6_GPIO_Driver.o
LOAD STM32_F103C6_Drivers/HAL_Drivers/Keypad_Driver/Keypad.o
LOAD STM32_F103C6_Drivers/HAL_Drivers/LCD_Driver/LCD.o
LOAD Src/main.o
LOAD Src/syscalls.o
LOAD Src/sysmem.o
LOAD Startup/startup_stm32f103c6tx.o
START GROUP
LOAD c:/st/stm32cubeide_1.4.0/stm32cubeide/plugins/com.st.stm32cube.ide.mcu.externaltools.gnu-tools-for-stm32.7-2018-q2-update.win32_1.4.0.202007081208/tools/bin/../lib/gcc/arm-none-eabi/7.3.1/../../../../arm-none-eabi/lib/thumb/v7-m\libc_nano.a
LOAD c:/st/stm32cubeide_1.4.0/stm32cubeide/plugins/com.st.stm32cube.ide.mcu.externaltools.gnu-tools-for-stm32.7-2018-q2-update.win32_1.4.0.202007081208/tools/bin/../lib/gcc/arm-none-eabi/7.3.1/../../../../arm-none-eabi/lib/thumb/v7-m\libm.a
END GROUP
START GROUP
LOAD c:/st/stm32cubeide_1.4.0/stm32cubeide/plugins/com.st.stm32cube.ide.mcu.externaltools.gnu-tools-for-stm32.7-2018-q2-update.win32_1.4.0.202007081208/tools/bin/../lib/gcc/arm-none-eabi/7.3.1/thumb/v7-m\libgcc.a
LOAD c:/st/stm32cubeide_1.4.0/stm32cubeide/plugins/com.st.stm32cube.ide.mcu.externaltools.gnu-tools-for-stm32.7-2018-q2-update.win32_1.4.0.202007081208/tools/bin/../lib/gcc/arm-none-eabi/7.3.1/../../../../arm-none-eabi/lib/thumb/v7-m\libg_nano.a
LOAD c:/st/stm32cubeide_1.4.0/stm32cubeide/plugins/com.st.stm32cube.ide.mcu.externaltools.gnu-tools-for-stm32.7-2018-q2-update.win32_1.4.0.202007081208/tools/bin/../lib/gcc/arm-none-eabi/7.3.1/../../../../arm-none-eabi/lib/thumb/v7-m\libc_nano.a
END GROUP
START GROUP
LOAD c:/st/stm32cubeide_1.4.0/stm32cubeide/plugins/com.st.stm32cube.ide.mcu.externaltools.gnu-tools-for-stm32.7-2018-q2-update.win32_1.4.0.202007081208/tools/bin/../lib/gcc/arm-none-eabi/7.3.1/thumb/v7-m\libgcc.a
LOAD c:/st/stm32cubeide_1.4.0/stm32cubeide/plugins/com.st.stm32cube.ide.mcu.externaltools.gnu-tools-for-stm32.7-2018-q2-update.win32_1.4.0.202007081208/tools/bin/../lib/gcc/arm-none-eabi/7.3.1/../../../../arm-none-eabi/lib/thumb/v7-m\libc_nano.a
LOAD c:/st/stm32cubeide_1.4.0/stm32cubeide/plugins/com.st.stm32cube.ide.mcu.externaltools.gnu-tools-for-stm32.7-2018-q2-update.win32_1.4.0.202007081208/tools/bin/../lib/gcc/arm-none-eabi/7.3.1/../../../../arm-none-eabi/lib/thumb/v7-m\libnosys.a
END GROUP
START GROUP
LOAD c:/st/stm32cubeide_1.4.0/stm32cubeide/plugins/com.st.stm32cube.ide.mcu.externaltools.gnu-tools-for-stm32.7-2018-q2-update.win32_1.4.0.202007081208/tools/bin/../lib/gcc/arm-none-eabi/7.3.1/thumb/v7-m\libgcc.a
LOAD c:/st/stm32cubeide_1.4.0/stm32cubeide/plugins/com.st.stm32cube.ide.mcu.externaltools.gnu-tools-for-stm32.7-2018-q2-update.win32_1.4.0.202007081208/tools/bin/../lib/gcc/arm-none-eabi/7.3.1/../../../../arm-none-eabi/lib/thumb/v7-m\libc_nano.a
LOAD c:/st/stm32cubeide_1.4.0/stm32cubeide/plugins/com.st.stm32cube.ide.mcu.externaltools.gnu-tools-for-stm32.7-2018-q2-update.win32_1.4.0.202007081208/tools/bin/../lib/gcc/arm-none-eabi/7.3.1/../../../../arm-none-eabi/lib/thumb/v7-m\libnosys.a
END GROUP
LOAD c:/st/stm32cubeide_1.4.0/stm32cubeide/plugins/com.st.stm32cube.ide.mcu.externaltools.gnu-tools-for-stm32.7-2018-q2-update.win32_1.4.0.202007081208/tools/bin/../lib/gcc/arm-none-eabi/7.3.1/thumb/v7-m/crtend.o
LOAD c:/st/stm32cubeide_1.4.0/stm32cubeide/plugins/com.st.stm32cube.ide.mcu.externaltools.gnu-tools-for-stm32.7-2018-q2-update.win32_1.4.0.202007081208/tools/bin/../lib/gcc/arm-none-eabi/7.3.1/thumb/v7-m/crtn.o
                0x0000000020002800                _estack = (ORIGIN (RAM) + LENGTH (RAM))
                0x0000000000000200                _Min_Heap_Size = 0x200
                0x0000000000000400                _Min_Stack_Size = 0x400

.isr_vector     0x0000000008000000      0x130
                0x0000000008000000                . = ALIGN (0x4)
 *(.isr_vector)
 .isr_vector    0x0000000008000000      0x130 Startup/startup_stm32f103c6tx.o
                0x0000000008000000                g_pfnVectors
                0x0000000008000130                . = ALIGN (0x4)

.text           0x0000000008000130      0xf58
                0x0000000008000130                . = ALIGN (0x4)
 *(.text)
 .text          0x0000000008000130       0x40 c:/st/stm32cubeide_1.4.0/stm32cubeide/plugins/com.st.stm32cube.ide.mcu.externaltools.gnu-tools-for-stm32.7-2018-q2-update.win32_1.4.0.202007081208/tools/bin/../lib/gcc/arm-none-eabi/7.3.1/thumb/v7-m/crtbegin.o
 *(.text*)
 .text.Enable_NVIC
                0x0000000008000170       0xcc STM32_F103C6_Drivers/EXTI_Driver/STM32_F103C6_EXTI_Driver.o
                0x0000000008000170                Enable_NVIC
 .text.Disable_NVIC
                0x000000000800023c       0xcc STM32_F103C6_Drivers/EXTI_Driver/STM32_F103C6_EXTI_Driver.o
                0x000000000800023c                Disable_NVIC
 .text.Update_EXTI
                0x0000000008000308      0x1dc STM32_F103C6_Drivers/EXTI_Driver/STM32_F103C6_EXTI_Driver.o
                0x0000000008000308                Update_EXTI
 .text.MCAL_EXTI_GPIO_Init
                0x00000000080004e4       0x16 STM32_F103C6_Drivers/EXTI_Driver/STM32_F103C6_EXTI_Driver.o
                0x00000000080004e4                MCAL_EXTI_GPIO_Init
 *fill*         0x00000000080004fa        0x2 
 .text.EXTI0_IRQHandler
                0x00000000080004fc       0x24 STM32_F103C6_Drivers/EXTI_Driver/STM32_F103C6_EXTI_Driver.o
                0x00000000080004fc                EXTI0_IRQHandler
 .text.EXTI1_IRQHandler
                0x0000000008000520       0x24 STM32_F103C6_Drivers/EXTI_Driver/STM32_F103C6_EXTI_Driver.o
                0x0000000008000520                EXTI1_IRQHandler
 .text.EXTI2_IRQHandler
                0x0000000008000544       0x24 STM32_F103C6_Drivers/EXTI_Driver/STM32_F103C6_EXTI_Driver.o
                0x0000000008000544                EXTI2_IRQHandler
 .text.EXTI3_IRQHandler
                0x0000000008000568       0x24 STM32_F103C6_Drivers/EXTI_Driver/STM32_F103C6_EXTI_Driver.o
                0x0000000008000568                EXTI3_IRQHandler
 .text.EXTI4_IRQHandler
                0x000000000800058c       0x24 STM32_F103C6_Drivers/EXTI_Driver/STM32_F103C6_EXTI_Driver.o
                0x000000000800058c                EXTI4_IRQHandler
 .text.EXTI9_5_IRQHandler
                0x00000000080005b0       0xa8 STM32_F103C6_Drivers/EXTI_Driver/STM32_F103C6_EXTI_Driver.o
                0x00000000080005b0                EXTI9_5_IRQHandler
 .text.EXTI15_10_IRQHandler
                0x0000000008000658       0xc4 STM32_F103C6_Drivers/EXTI_Driver/STM32_F103C6_EXTI_Driver.o
                0x0000000008000658                EXTI15_10_IRQHandler
 .text.Get_CRLH_Position
                0x000000000800071c       0xc6 STM32_F103C6_Drivers/GPIO_Driver/STM32_F103C6_GPIO_Driver.o
                0x000000000800071c                Get_CRLH_Position
 .text.MCAL_GPIO_Init
                0x00000000080007e2       0xfe STM32_F103C6_Drivers/GPIO_Driver/STM32_F103C6_GPIO_Driver.o
                0x00000000080007e2                MCAL_GPIO_Init
 .text.MCAL_GPIO_WRITE_PIN
                0x00000000080008e0       0x2e STM32_F103C6_Drivers/GPIO_Driver/STM32_F103C6_GPIO_Driver.o
                0x00000000080008e0                MCAL_GPIO_WRITE_PIN
 .text.MCAL_GPIO_WRITE_Port
                0x000000000800090e       0x1c STM32_F103C6_Drivers/GPIO_Driver/STM32_F103C6_GPIO_Driver.o
                0x000000000800090e                MCAL_GPIO_WRITE_Port
 .text.wait_ms  0x000000000800092a       0x3a STM32_F103C6_Drivers/HAL_Drivers/LCD_Driver/LCD.o
                0x000000000800092a                wait_ms
 .text.HAL_IS_LCD_BUSY
                0x0000000008000964      0x1a8 STM32_F103C6_Drivers/HAL_Drivers/LCD_Driver/LCD.o
                0x0000000008000964                HAL_IS_LCD_BUSY
 .text.HAL_LCD_KICK
                0x0000000008000b0c       0x30 STM32_F103C6_Drivers/HAL_Drivers/LCD_Driver/LCD.o
                0x0000000008000b0c                HAL_LCD_KICK
 .text.HAL_LCD_init
                0x0000000008000b3c      0x180 STM32_F103C6_Drivers/HAL_Drivers/LCD_Driver/LCD.o
                0x0000000008000b3c                HAL_LCD_init
 .text.HAL_LCD_WRITE_CMD
                0x0000000008000cbc       0x40 STM32_F103C6_Drivers/HAL_Drivers/LCD_Driver/LCD.o
                0x0000000008000cbc                HAL_LCD_WRITE_CMD
 .text.HAL_LCD_WRITE_CHAR
                0x0000000008000cfc      0x148 STM32_F103C6_Drivers/HAL_Drivers/LCD_Driver/LCD.o
                0x0000000008000cfc                HAL_LCD_WRITE_CHAR
 .text.HAL_LCD_GOTO_XY
                0x0000000008000e44       0x60 STM32_F103C6_Drivers/HAL_Drivers/LCD_Driver/LCD.o
                0x0000000008000e44                HAL_LCD_GOTO_XY
 .text.HAL_LCD_WRITE_STRING
                0x0000000008000ea4       0x5a STM32_F103C6_Drivers/HAL_Drivers/LCD_Driver/LCD.o
                0x0000000008000ea4                HAL_LCD_WRITE_STRING
 *fill*         0x0000000008000efe        0x2 
 .text.HAL_LCD_CLEAR_SCREEN_FUNC
                0x0000000008000f00       0x20 STM32_F103C6_Drivers/HAL_Drivers/LCD_Driver/LCD.o
                0x0000000008000f00                HAL_LCD_CLEAR_SCREEN_FUNC
 .text.main     0x0000000008000f20       0x58 Src/main.o
                0x0000000008000f20                main
 .text.Clock_init
                0x0000000008000f78       0x34 Src/main.o
                0x0000000008000f78                Clock_init
 .text.EXTI9_CallBack
                0x0000000008000fac       0x28 Src/main.o
                0x0000000008000fac                EXTI9_CallBack
 .text.Reset_Handler
                0x0000000008000fd4       0x50 Startup/startup_stm32f103c6tx.o
                0x0000000008000fd4                Reset_Handler
 .text.Default_Handler
                0x0000000008001024        0x2 Startup/startup_stm32f103c6tx.o
                0x0000000008001024                TIM8_TRG_COM_IRQHandler
                0x0000000008001024                TIM8_CC_IRQHandler
                0x0000000008001024                DebugMon_Handler
                0x0000000008001024                TIM1_CC_IRQHandler
                0x0000000008001024                HardFault_Handler
                0x0000000008001024                TIM6_IRQHandler
                0x0000000008001024                SysTick_Handler
                0x0000000008001024                PVD_IRQHandler
                0x0000000008001024                SDIO_IRQHandler
                0x0000000008001024                PendSV_Handler
                0x0000000008001024                NMI_Handler
                0x0000000008001024                USB_HP_CAN_TX_IRQHandler
                0x0000000008001024                I2C2_EV_IRQHandler
                0x0000000008001024                UsageFault_Handler
                0x0000000008001024                ADC1_2_IRQHandler
                0x0000000008001024                SPI1_IRQHandler
                0x0000000008001024                CAN_SCE_IRQHandler
                0x0000000008001024                TAMPER_IRQHandler
                0x0000000008001024                TIM8_UP_IRQHandler
                0x0000000008001024                DMA2_Channel2_IRQHandler
                0x0000000008001024                DMA1_Channel4_IRQHandler
                0x0000000008001024                USART3_IRQHandler
                0x0000000008001024                RTC_IRQHandler
                0x0000000008001024                DMA1_Channel7_IRQHandler
                0x0000000008001024                UART5_IRQHandler
                0x0000000008001024                ADC3_IRQHandler
                0x0000000008001024                TIM4_IRQHandler
                0x0000000008001024                CAN_RX1_IRQHandler
                0x0000000008001024                DMA2_Channel1_IRQHandler
                0x0000000008001024                I2C1_EV_IRQHandler
                0x0000000008001024                DMA1_Channel6_IRQHandler
                0x0000000008001024                UART4_IRQHandler
                0x0000000008001024                TIM3_IRQHandler
                0x0000000008001024                RCC_IRQHandler
                0x0000000008001024                TIM1_TRG_COM_IRQHandler
                0x0000000008001024                DMA1_Channel1_IRQHandler
                0x0000000008001024                Default_Handler
                0x0000000008001024                TIM7_IRQHandler
                0x0000000008001024                TIM5_IRQHandler
                0x0000000008001024                SPI2_IRQHandler
                0x0000000008001024                USB_LP_CAN_RX0_IRQHandler
                0x0000000008001024                MemManage_Handler
                0x0000000008001024                SVC_Handler
                0x0000000008001024                DMA1_Channel5_IRQHandler
                0x0000000008001024                DMA1_Channel3_IRQHandler
                0x0000000008001024                FSMC_IRQHandler
                0x0000000008001024                TIM1_UP_IRQHandler
                0x0000000008001024                WWDG_IRQHandler
                0x0000000008001024                TIM2_IRQHandler
                0x0000000008001024                TIM1_BRK_IRQHandler
                0x0000000008001024                RTCAlarm_IRQHandler
                0x0000000008001024                DMA2_Channel4_5_IRQHandler
                0x0000000008001024                USART2_IRQHandler
                0x0000000008001024                I2C2_ER_IRQHandler
                0x0000000008001024                DMA1_Channel2_IRQHandler
                0x0000000008001024                TIM8_BRK_IRQHandler
                0x0000000008001024                FLASH_IRQHandler
                0x0000000008001024                BusFault_Handler
                0x0000000008001024                USART1_IRQHandler
                0x0000000008001024                SPI3_IRQHandler
                0x0000000008001024                I2C1_ER_IRQHandler
                0x0000000008001024                DMA2_Channel3_IRQHandler
 *fill*         0x0000000008001026        0x2 
 .text.__libc_init_array
                0x0000000008001028       0x48 c:/st/stm32cubeide_1.4.0/stm32cubeide/plugins/com.st.stm32cube.ide.mcu.externaltools.gnu-tools-for-stm32.7-2018-q2-update.win32_1.4.0.202007081208/tools/bin/../lib/gcc/arm-none-eabi/7.3.1/../../../../arm-none-eabi/lib/thumb/v7-m\libc_nano.a(lib_a-init.o)
                0x0000000008001028                __libc_init_array
 *(.glue_7)
 .glue_7        0x0000000008001070        0x0 linker stubs
 *(.glue_7t)
 .glue_7t       0x0000000008001070        0x0 linker stubs
 *(.eh_frame)
 .eh_frame      0x0000000008001070        0x0 c:/st/stm32cubeide_1.4.0/stm32cubeide/plugins/com.st.stm32cube.ide.mcu.externaltools.gnu-tools-for-stm32.7-2018-q2-update.win32_1.4.0.202007081208/tools/bin/../lib/gcc/arm-none-eabi/7.3.1/thumb/v7-m/crtbegin.o
 *(.init)
 .init          0x0000000008001070        0x4 c:/st/stm32cubeide_1.4.0/stm32cubeide/plugins/com.st.stm32cube.ide.mcu.externaltools.gnu-tools-for-stm32.7-2018-q2-update.win32_1.4.0.202007081208/tools/bin/../lib/gcc/arm-none-eabi/7.3.1/thumb/v7-m/crti.o
                0x0000000008001070                _init
 .init          0x0000000008001074        0x8 c:/st/stm32cubeide_1.4.0/stm32cubeide/plugins/com.st.stm32cube.ide.mcu.externaltools.gnu-tools-for-stm32.7-2018-q2-update.win32_1.4.0.202007081208/tools/bin/../lib/gcc/arm-none-eabi/7.3.1/thumb/v7-m/crtn.o
 *(.fini)
 .fini          0x000000000800107c        0x4 c:/st/stm32cubeide_1.4.0/stm32cubeide/plugins/com.st.stm32cube.ide.mcu.externaltools.gnu-tools-for-stm32.7-2018-q2-update.win32_1.4.0.202007081208/tools/bin/../lib/gcc/arm-none-eabi/7.3.1/thumb/v7-m/crti.o
                0x000000000800107c                _fini
 .fini          0x0000000008001080        0x8 c:/st/stm32cubeide_1.4.0/stm32cubeide/plugins/com.st.stm32cube.ide.mcu.externaltools.gnu-tools-for-stm32.7-2018-q2-update.win32_1.4.0.202007081208/tools/bin/../lib/gcc/arm-none-eabi/7.3.1/thumb/v7-m/crtn.o
                0x0000000008001088                . = ALIGN (0x4)
                0x0000000008001088                _etext = .

.vfp11_veneer   0x0000000008001088        0x0
 .vfp11_veneer  0x0000000008001088        0x0 linker stubs

.v4_bx          0x0000000008001088        0x0
 .v4_bx         0x0000000008001088        0x0 linker stubs

.iplt           0x0000000008001088        0x0
 .iplt          0x0000000008001088        0x0 c:/st/stm32cubeide_1.4.0/stm32cubeide/plugins/com.st.stm32cube.ide.mcu.externaltools.gnu-tools-for-stm32.7-2018-q2-update.win32_1.4.0.202007081208/tools/bin/../lib/gcc/arm-none-eabi/7.3.1/thumb/v7-m/crtbegin.o

.rodata         0x0000000008001088       0x28
                0x0000000008001088                . = ALIGN (0x4)
 *(.rodata)
 .rodata        0x0000000008001088       0x27 Src/main.o
 *(.rodata*)
                0x00000000080010b0                . = ALIGN (0x4)
 *fill*         0x00000000080010af        0x1 

.rel.dyn        0x00000000080010b0        0x0
 .rel.iplt      0x00000000080010b0        0x0 c:/st/stm32cubeide_1.4.0/stm32cubeide/plugins/com.st.stm32cube.ide.mcu.externaltools.gnu-tools-for-stm32.7-2018-q2-update.win32_1.4.0.202007081208/tools/bin/../lib/gcc/arm-none-eabi/7.3.1/thumb/v7-m/crtbegin.o

.ARM.extab      0x00000000080010b0        0x0
                0x00000000080010b0                . = ALIGN (0x4)
 *(.ARM.extab* .gnu.linkonce.armextab.*)
                0x00000000080010b0                . = ALIGN (0x4)

.ARM            0x00000000080010b0        0x0
                0x00000000080010b0                . = ALIGN (0x4)
                0x00000000080010b0                __exidx_start = .
 *(.ARM.exidx*)
                0x00000000080010b0                __exidx_end = .
                0x00000000080010b0                . = ALIGN (0x4)

.preinit_array  0x00000000080010b0        0x0
                0x00000000080010b0                . = ALIGN (0x4)
                0x00000000080010b0                PROVIDE (__preinit_array_start = .)
 *(.preinit_array*)
                0x00000000080010b0                PROVIDE (__preinit_array_end = .)
                0x00000000080010b0                . = ALIGN (0x4)

.init_array     0x00000000080010b0        0x4
                0x00000000080010b0                . = ALIGN (0x4)
                0x00000000080010b0                PROVIDE (__init_array_start = .)
 *(SORT_BY_NAME(.init_array.*))
 *(.init_array*)
 .init_array    0x00000000080010b0        0x4 c:/st/stm32cubeide_1.4.0/stm32cubeide/plugins/com.st.stm32cube.ide.mcu.externaltools.gnu-tools-for-stm32.7-2018-q2-update.win32_1.4.0.202007081208/tools/bin/../lib/gcc/arm-none-eabi/7.3.1/thumb/v7-m/crtbegin.o
                0x00000000080010b4                PROVIDE (__init_array_end = .)
                0x00000000080010b4                . = ALIGN (0x4)

.fini_array     0x00000000080010b4        0x4
                0x00000000080010b4                . = ALIGN (0x4)
                [!provide]                        PROVIDE (__fini_array_start = .)
 *(SORT_BY_NAME(.fini_array.*))
 *(.fini_array*)
 .fini_array    0x00000000080010b4        0x4 c:/st/stm32cubeide_1.4.0/stm32cubeide/plugins/com.st.stm32cube.ide.mcu.externaltools.gnu-tools-for-stm32.7-2018-q2-update.win32_1.4.0.202007081208/tools/bin/../lib/gcc/arm-none-eabi/7.3.1/thumb/v7-m/crtbegin.o
                [!provide]                        PROVIDE (__fini_array_end = .)
                0x00000000080010b8                . = ALIGN (0x4)
                0x00000000080010b8                _sidata = LOADADDR (.data)

.data           0x0000000020000000        0x0 load address 0x00000000080010b8
                0x0000000020000000                . = ALIGN (0x4)
                0x0000000020000000                _sdata = .
 *(.data)
 *(.data*)
                0x0000000020000000                . = ALIGN (0x4)
                0x0000000020000000                _edata = .

.igot.plt       0x0000000020000000        0x0 load address 0x00000000080010b8
 .igot.plt      0x0000000020000000        0x0 c:/st/stm32cubeide_1.4.0/stm32cubeide/plugins/com.st.stm32cube.ide.mcu.externaltools.gnu-tools-for-stm32.7-2018-q2-update.win32_1.4.0.202007081208/tools/bin/../lib/gcc/arm-none-eabi/7.3.1/thumb/v7-m/crtbegin.o
                0x0000000020000000                . = ALIGN (0x4)

.bss            0x0000000020000000       0x6c load address 0x00000000080010b8
                0x0000000020000000                _sbss = .
                0x0000000020000000                __bss_start__ = _sbss
 *(.bss)
 .bss           0x0000000020000000       0x1c c:/st/stm32cubeide_1.4.0/stm32cubeide/plugins/com.st.stm32cube.ide.mcu.externaltools.gnu-tools-for-stm32.7-2018-q2-update.win32_1.4.0.202007081208/tools/bin/../lib/gcc/arm-none-eabi/7.3.1/thumb/v7-m/crtbegin.o
 *(.bss*)
 .bss.static_counter
                0x000000002000001c        0x4 STM32_F103C6_Drivers/HAL_Drivers/LCD_Driver/LCD.o
 *(COMMON)
 COMMON         0x0000000020000020       0x44 STM32_F103C6_Drivers/EXTI_Driver/STM32_F103C6_EXTI_Driver.o
                0x0000000020000020                PinCFG
                0x0000000020000024                GP_IRQ_CallBack
 COMMON         0x0000000020000064        0x4 STM32_F103C6_Drivers/HAL_Drivers/Keypad_Driver/Keypad.o
                0x0000000020000064                PinCfg
 COMMON         0x0000000020000068        0x1 Src/main.o
                0x0000000020000068                IRQ_Flag
                0x000000002000006c                . = ALIGN (0x4)
 *fill*         0x0000000020000069        0x3 
                0x000000002000006c                _ebss = .
                0x000000002000006c                __bss_end__ = _ebss

._user_heap_stack
                0x000000002000006c      0x604 load address 0x00000000080010b8
                0x0000000020000070                . = ALIGN (0x8)
 *fill*         0x000000002000006c        0x4 
                [!provide]                        PROVIDE (end = .)
                0x0000000020000070                PROVIDE (_end = .)
                0x0000000020000270                . = (. + _Min_Heap_Size)
 *fill*         0x0000000020000070      0x200 
                0x0000000020000670                . = (. + _Min_Stack_Size)
 *fill*         0x0000000020000270      0x400 
                0x0000000020000670                . = ALIGN (0x8)

/DISCARD/
 libc.a(*)
 libm.a(*)
 libgcc.a(*)

.ARM.attributes
                0x0000000000000000       0x29
 *(.ARM.attributes)
 .ARM.attributes
                0x0000000000000000       0x1d c:/st/stm32cubeide_1.4.0/stm32cubeide/plugins/com.st.stm32cube.ide.mcu.externaltools.gnu-tools-for-stm32.7-2018-q2-update.win32_1.4.0.202007081208/tools/bin/../lib/gcc/arm-none-eabi/7.3.1/thumb/v7-m/crti.o
 .ARM.attributes
                0x000000000000001d       0x2d c:/st/stm32cubeide_1.4.0/stm32cubeide/plugins/com.st.stm32cube.ide.mcu.externaltools.gnu-tools-for-stm32.7-2018-q2-update.win32_1.4.0.202007081208/tools/bin/../lib/gcc/arm-none-eabi/7.3.1/thumb/v7-m/crtbegin.o
 .ARM.attributes
                0x000000000000004a       0x33 STM32_F103C6_Drivers/EXTI_Driver/STM32_F103C6_EXTI_Driver.o
 .ARM.attributes
                0x000000000000007d       0x33 STM32_F103C6_Drivers/GPIO_Driver/STM32_F103C6_GPIO_Driver.o
 .ARM.attributes
                0x00000000000000b0       0x33 STM32_F103C6_Drivers/HAL_Drivers/Keypad_Driver/Keypad.o
 .ARM.attributes
                0x00000000000000e3       0x33 STM32_F103C6_Drivers/HAL_Drivers/LCD_Driver/LCD.o
 .ARM.attributes
                0x0000000000000116       0x33 Src/main.o
 .ARM.attributes
                0x0000000000000149       0x21 Startup/startup_stm32f103c6tx.o
 .ARM.attributes
                0x000000000000016a       0x2d c:/st/stm32cubeide_1.4.0/stm32cubeide/plugins/com.st.stm32cube.ide.mcu.externaltools.gnu-tools-for-stm32.7-2018-q2-update.win32_1.4.0.202007081208/tools/bin/../lib/gcc/arm-none-eabi/7.3.1/../../../../arm-none-eabi/lib/thumb/v7-m\libc_nano.a(lib_a-init.o)
 .ARM.attributes
                0x0000000000000197       0x1d c:/st/stm32cubeide_1.4.0/stm32cubeide/plugins/com.st.stm32cube.ide.mcu.externaltools.gnu-tools-for-stm32.7-2018-q2-update.win32_1.4.0.202007081208/tools/bin/../lib/gcc/arm-none-eabi/7.3.1/thumb/v7-m/crtn.o
OUTPUT(Drivers.elf elf32-littlearm)

.debug_info     0x0000000000000000     0x3f2c
 .debug_info    0x0000000000000000      0xdc9 STM32_F103C6_Drivers/EXTI_Driver/STM32_F103C6_EXTI_Driver.o
 .debug_info    0x0000000000000dc9      0xd59 STM32_F103C6_Drivers/GPIO_Driver/STM32_F103C6_GPIO_Driver.o
 .debug_info    0x0000000000001b22      0xb10 STM32_F103C6_Drivers/HAL_Drivers/Keypad_Driver/Keypad.o
 .debug_info    0x0000000000002632      0xcec STM32_F103C6_Drivers/HAL_Drivers/LCD_Driver/LCD.o
 .debug_info    0x000000000000331e      0xbec Src/main.o
 .debug_info    0x0000000000003f0a       0x22 Startup/startup_stm32f103c6tx.o

.debug_abbrev   0x0000000000000000      0x9d9
 .debug_abbrev  0x0000000000000000      0x21a STM32_F103C6_Drivers/EXTI_Driver/STM32_F103C6_EXTI_Driver.o
 .debug_abbrev  0x000000000000021a      0x218 STM32_F103C6_Drivers/GPIO_Driver/STM32_F103C6_GPIO_Driver.o
 .debug_abbrev  0x0000000000000432      0x1aa STM32_F103C6_Drivers/HAL_Drivers/Keypad_Driver/Keypad.o
 .debug_abbrev  0x00000000000005dc      0x221 STM32_F103C6_Drivers/HAL_Drivers/LCD_Driver/LCD.o
 .debug_abbrev  0x00000000000007fd      0x1ca Src/main.o
 .debug_abbrev  0x00000000000009c7       0x12 Startup/startup_stm32f103c6tx.o

.debug_loc      0x0000000000000000      0xa62
 .debug_loc     0x0000000000000000      0x320 STM32_F103C6_Drivers/EXTI_Driver/STM32_F103C6_EXTI_Driver.o
 .debug_loc     0x0000000000000320      0x330 STM32_F103C6_Drivers/GPIO_Driver/STM32_F103C6_GPIO_Driver.o
 .debug_loc     0x0000000000000650       0x7c STM32_F103C6_Drivers/HAL_Drivers/Keypad_Driver/Keypad.o
 .debug_loc     0x00000000000006cc      0x2ee STM32_F103C6_Drivers/HAL_Drivers/LCD_Driver/LCD.o
 .debug_loc     0x00000000000009ba       0xa8 Src/main.o

.debug_aranges  0x0000000000000000      0x1d0
 .debug_aranges
                0x0000000000000000       0x80 STM32_F103C6_Drivers/EXTI_Driver/STM32_F103C6_EXTI_Driver.o
 .debug_aranges
                0x0000000000000080       0x60 STM32_F103C6_Drivers/GPIO_Driver/STM32_F103C6_GPIO_Driver.o
 .debug_aranges
                0x00000000000000e0       0x28 STM32_F103C6_Drivers/HAL_Drivers/Keypad_Driver/Keypad.o
 .debug_aranges
                0x0000000000000108       0x70 STM32_F103C6_Drivers/HAL_Drivers/LCD_Driver/LCD.o
 .debug_aranges
                0x0000000000000178       0x30 Src/main.o
 .debug_aranges
                0x00000000000001a8       0x28 Startup/startup_stm32f103c6tx.o

.debug_ranges   0x0000000000000000      0x178
 .debug_ranges  0x0000000000000000       0x70 STM32_F103C6_Drivers/EXTI_Driver/STM32_F103C6_EXTI_Driver.o
 .debug_ranges  0x0000000000000070       0x50 STM32_F103C6_Drivers/GPIO_Driver/STM32_F103C6_GPIO_Driver.o
 .debug_ranges  0x00000000000000c0       0x18 STM32_F103C6_Drivers/HAL_Drivers/Keypad_Driver/Keypad.o
 .debug_ranges  0x00000000000000d8       0x60 STM32_F103C6_Drivers/HAL_Drivers/LCD_Driver/LCD.o
 .debug_ranges  0x0000000000000138       0x20 Src/main.o
 .debug_ranges  0x0000000000000158       0x20 Startup/startup_stm32f103c6tx.o

.debug_macro    0x0000000000000000     0x2d72
 .debug_macro   0x0000000000000000      0x21d STM32_F103C6_Drivers/EXTI_Driver/STM32_F103C6_EXTI_Driver.o
 .debug_macro   0x000000000000021d      0xa60 STM32_F103C6_Drivers/EXTI_Driver/STM32_F103C6_EXTI_Driver.o
 .debug_macro   0x0000000000000c7d       0x22 STM32_F103C6_Drivers/EXTI_Driver/STM32_F103C6_EXTI_Driver.o
 .debug_macro   0x0000000000000c9f       0x8e STM32_F103C6_Drivers/EXTI_Driver/STM32_F103C6_EXTI_Driver.o
 .debug_macro   0x0000000000000d2d       0x51 STM32_F103C6_Drivers/EXTI_Driver/STM32_F103C6_EXTI_Driver.o
 .debug_macro   0x0000000000000d7e       0xef STM32_F103C6_Drivers/EXTI_Driver/STM32_F103C6_EXTI_Driver.o
 .debug_macro   0x0000000000000e6d       0x6a STM32_F103C6_Drivers/EXTI_Driver/STM32_F103C6_EXTI_Driver.o
 .debug_macro   0x0000000000000ed7      0x1df STM32_F103C6_Drivers/EXTI_Driver/STM32_F103C6_EXTI_Driver.o
 .debug_macro   0x00000000000010b6       0x18 STM32_F103C6_Drivers/EXTI_Driver/STM32_F103C6_EXTI_Driver.o
 .debug_macro   0x00000000000010ce       0x46 STM32_F103C6_Drivers/EXTI_Driver/STM32_F103C6_EXTI_Driver.o
 .debug_macro   0x0000000000001114       0x3c STM32_F103C6_Drivers/EXTI_Driver/STM32_F103C6_EXTI_Driver.o
 .debug_macro   0x0000000000001150       0x34 STM32_F103C6_Drivers/EXTI_Driver/STM32_F103C6_EXTI_Driver.o
 .debug_macro   0x0000000000001184       0x16 STM32_F103C6_Drivers/EXTI_Driver/STM32_F103C6_EXTI_Driver.o
 .debug_macro   0x000000000000119a      0x10e STM32_F103C6_Drivers/EXTI_Driver/STM32_F103C6_EXTI_Driver.o
 .debug_macro   0x00000000000012a8       0x8d STM32_F103C6_Drivers/EXTI_Driver/STM32_F103C6_EXTI_Driver.o
 .debug_macro   0x0000000000001335       0x52 STM32_F103C6_Drivers/EXTI_Driver/STM32_F103C6_EXTI_Driver.o
 .debug_macro   0x0000000000001387       0x1f STM32_F103C6_Drivers/EXTI_Driver/STM32_F103C6_EXTI_Driver.o
 .debug_macro   0x00000000000013a6       0x43 STM32_F103C6_Drivers/EXTI_Driver/STM32_F103C6_EXTI_Driver.o
 .debug_macro   0x00000000000013e9       0x20 STM32_F103C6_Drivers/EXTI_Driver/STM32_F103C6_EXTI_Driver.o
 .debug_macro   0x0000000000001409      0x1a3 STM32_F103C6_Drivers/EXTI_Driver/STM32_F103C6_EXTI_Driver.o
 .debug_macro   0x00000000000015ac      0x330 STM32_F103C6_Drivers/EXTI_Driver/STM32_F103C6_EXTI_Driver.o
 .debug_macro   0x00000000000018dc       0x16 STM32_F103C6_Drivers/EXTI_Driver/STM32_F103C6_EXTI_Driver.o
 .debug_macro   0x00000000000018f2       0x29 STM32_F103C6_Drivers/EXTI_Driver/STM32_F103C6_EXTI_Driver.o
 .debug_macro   0x000000000000191b       0x1c STM32_F103C6_Drivers/EXTI_Driver/STM32_F103C6_EXTI_Driver.o
 .debug_macro   0x0000000000001937       0x35 STM32_F103C6_Drivers/EXTI_Driver/STM32_F103C6_EXTI_Driver.o
 .debug_macro   0x000000000000196c       0x10 STM32_F103C6_Drivers/EXTI_Driver/STM32_F103C6_EXTI_Driver.o
 .debug_macro   0x000000000000197c       0x10 STM32_F103C6_Drivers/EXTI_Driver/STM32_F103C6_EXTI_Driver.o
 .debug_macro   0x000000000000198c       0x1c STM32_F103C6_Drivers/EXTI_Driver/STM32_F103C6_EXTI_Driver.o
 .debug_macro   0x00000000000019a8       0x52 STM32_F103C6_Drivers/EXTI_Driver/STM32_F103C6_EXTI_Driver.o
 .debug_macro   0x00000000000019fa       0x40 STM32_F103C6_Drivers/EXTI_Driver/STM32_F103C6_EXTI_Driver.o
 .debug_macro   0x0000000000001a3a       0x10 STM32_F103C6_Drivers/EXTI_Driver/STM32_F103C6_EXTI_Driver.o
 .debug_macro   0x0000000000001a4a       0x40 STM32_F103C6_Drivers/EXTI_Driver/STM32_F103C6_EXTI_Driver.o
 .debug_macro   0x0000000000001a8a       0xd7 STM32_F103C6_Drivers/EXTI_Driver/STM32_F103C6_EXTI_Driver.o
 .debug_macro   0x0000000000001b61       0x1c STM32_F103C6_Drivers/EXTI_Driver/STM32_F103C6_EXTI_Driver.o
 .debug_macro   0x0000000000001b7d       0x3d STM32_F103C6_Drivers/EXTI_Driver/STM32_F103C6_EXTI_Driver.o
 .debug_macro   0x0000000000001bba       0x16 STM32_F103C6_Drivers/EXTI_Driver/STM32_F103C6_EXTI_Driver.o
 .debug_macro   0x0000000000001bd0      0x145 STM32_F103C6_Drivers/EXTI_Driver/STM32_F103C6_EXTI_Driver.o
 .debug_macro   0x0000000000001d15      0x1b0 STM32_F103C6_Drivers/EXTI_Driver/STM32_F103C6_EXTI_Driver.o
 .debug_macro   0x0000000000001ec5       0xd6 STM32_F103C6_Drivers/EXTI_Driver/STM32_F103C6_EXTI_Driver.o
 .debug_macro   0x0000000000001f9b      0x22b STM32_F103C6_Drivers/EXTI_Driver/STM32_F103C6_EXTI_Driver.o
 .debug_macro   0x00000000000021c6      0x20a STM32_F103C6_Drivers/GPIO_Driver/STM32_F103C6_GPIO_Driver.o
 .debug_macro   0x00000000000023d0       0xd0 STM32_F103C6_Drivers/GPIO_Driver/STM32_F103C6_GPIO_Driver.o
 .debug_macro   0x00000000000024a0      0x21c STM32_F103C6_Drivers/HAL_Drivers/Keypad_Driver/Keypad.o
 .debug_macro   0x00000000000026bc       0x10 STM32_F103C6_Drivers/HAL_Drivers/Keypad_Driver/Keypad.o
 .debug_macro   0x00000000000026cc       0x3a STM32_F103C6_Drivers/HAL_Drivers/Keypad_Driver/Keypad.o
 .debug_macro   0x0000000000002706      0x21d STM32_F103C6_Drivers/HAL_Drivers/LCD_Driver/LCD.o
 .debug_macro   0x0000000000002923       0xe8 STM32_F103C6_Drivers/HAL_Drivers/LCD_Driver/LCD.o
 .debug_macro   0x0000000000002a0b      0x233 Src/main.o
 .debug_macro   0x0000000000002c3e       0x46 Src/main.o
 .debug_macro   0x0000000000002c84       0xee Src/main.o

.debug_line     0x0000000000000000     0x25ff
 .debug_line    0x0000000000000000      0x7f2 STM32_F103C6_Drivers/EXTI_Driver/STM32_F103C6_EXTI_Driver.o
 .debug_line    0x00000000000007f2      0x73d STM32_F103C6_Drivers/GPIO_Driver/STM32_F103C6_GPIO_Driver.o
 .debug_line    0x0000000000000f2f      0x712 STM32_F103C6_Drivers/HAL_Drivers/Keypad_Driver/Keypad.o
 .debug_line    0x0000000000001641      0x877 STM32_F103C6_Drivers/HAL_Drivers/LCD_Driver/LCD.o
 .debug_line    0x0000000000001eb8      0x6c3 Src/main.o
 .debug_line    0x000000000000257b       0x84 Startup/startup_stm32f103c6tx.o

.debug_str      0x0000000000000000     0xa97f
 .debug_str     0x0000000000000000     0xa144 STM32_F103C6_Drivers/EXTI_Driver/STM32_F103C6_EXTI_Driver.o
                                       0xa3b4 (size before relaxing)
 .debug_str     0x000000000000a144      0x1b3 STM32_F103C6_Drivers/GPIO_Driver/STM32_F103C6_GPIO_Driver.o
                                       0x90b0 (size before relaxing)
 .debug_str     0x000000000000a2f7      0x12a STM32_F103C6_Drivers/HAL_Drivers/Keypad_Driver/Keypad.o
                                       0x9027 (size before relaxing)
 .debug_str     0x000000000000a421      0x4ee STM32_F103C6_Drivers/HAL_Drivers/LCD_Driver/LCD.o
                                       0x941e (size before relaxing)
 .debug_str     0x000000000000a90f       0x3f Src/main.o
                                       0xa60a (size before relaxing)
 .debug_str     0x000000000000a94e       0x31 Startup/startup_stm32f103c6tx.o
                                         0x6a (size before relaxing)

.comment        0x0000000000000000       0x7b
 .comment       0x0000000000000000       0x7b STM32_F103C6_Drivers/EXTI_Driver/STM32_F103C6_EXTI_Driver.o
                                         0x7c (size before relaxing)
 .comment       0x000000000000007b       0x7c STM32_F103C6_Drivers/GPIO_Driver/STM32_F103C6_GPIO_Driver.o
 .comment       0x000000000000007b       0x7c STM32_F103C6_Drivers/HAL_Drivers/Keypad_Driver/Keypad.o
 .comment       0x000000000000007b       0x7c STM32_F103C6_Drivers/HAL_Drivers/LCD_Driver/LCD.o
 .comment       0x000000000000007b       0x7c Src/main.o

.debug_frame    0x0000000000000000      0x598
 .debug_frame   0x0000000000000000      0x1b0 STM32_F103C6_Drivers/EXTI_Driver/STM32_F103C6_EXTI_Driver.o
 .debug_frame   0x00000000000001b0      0x178 STM32_F103C6_Drivers/GPIO_Driver/STM32_F103C6_GPIO_Driver.o
 .debug_frame   0x0000000000000328       0x50 STM32_F103C6_Drivers/HAL_Drivers/Keypad_Driver/Keypad.o
 .debug_frame   0x0000000000000378      0x188 STM32_F103C6_Drivers/HAL_Drivers/LCD_Driver/LCD.o
 .debug_frame   0x0000000000000500       0x6c Src/main.o
 .debug_frame   0x000000000000056c       0x2c c:/st/stm32cubeide_1.4.0/stm32cubeide/plugins/com.st.stm32cube.ide.mcu.externaltools.gnu-tools-for-stm32.7-2018-q2-update.win32_1.4.0.202007081208/tools/bin/../lib/gcc/arm-none-eabi/7.3.1/../../../../arm-none-eabi/lib/thumb/v7-m\libc_nano.a(lib_a-init.o)
