
Allocating common symbols
Common symbol       size              file

main_Function_state
                    0x4               main_Function.o
Alarm_Monitor_state
                    0x4               Alarm_Monitor.o
Pressure_Sensor_state
                    0x4               Pressure_Sensor.o
Alarm_Monitor_Driver_state
                    0x4               Alarm_Monitor_Driver.o

Memory Configuration

Name             Origin             Length             Attributes
FLASH            0x08000000         0x00020000         xr
SRAM             0x20000000         0x00005000         xrw
*default*        0x00000000         0xffffffff

Linker script and memory map


.text           0x08000000      0x3ec
                0x08000000                S_TEXT = .
 *(.vectors*)
 .vectors       0x08000000       0x1c startup.o
                0x08000000                vectors
 *(.text*)
 .text          0x0800001c       0x8c Alarm_Monitor.o
                0x0800001c                ST_Alarm_Monitor_waiting
                0x08000050                ST_Alarm_Monitor_idle
                0x08000070                ST_Alarm_Monitor_turn_ON
                0x0800008c                ST_Alarm_Monitor_turn_OFF
 .text          0x080000a8       0xa8 Alarm_Monitor_Driver.o
                0x080000a8                Alarm_Monitor_Driver_init
                0x080000c4                ST_Alarm_Monitor_Driver_waiting
                0x080000e0                ST_Alarm_Monitor_Driver_Alarm_ON
                0x080000fc                ST_Alarm_Monitor_Driver_Alarm_OFF
                0x08000118                High_Pressure_Detected
                0x08000134                Low_Pressure_Detected
 .text          0x08000150       0xc4 driver.o
                0x08000150                Delay
                0x08000170                getPressureVal
                0x08000188                Set_Alarm_actuator
                0x080001c4                GPIO_INITIALIZATION
 .text          0x08000214       0x64 main.o
                0x08000214                setup
                0x08000244                main
 .text          0x08000278       0x88 main_Function.o
                0x08000278                set_Pressure_Reading
                0x080002a4                ST_main_Function_waiting
                0x080002c0                ST_main_Function_detected_reading
 .text          0x08000300       0x6c Pressure_Sensor.o
                0x08000300                Pressure_Sensor_init
                0x0800031c                ST_Pressure_Sensor_reading
                0x0800034c                ST_Pressure_Sensor_waiting
 .text          0x0800036c       0x80 startup.o
                0x0800036c                H_Fault_Handler
                0x0800036c                MM_Fault_Handler
                0x0800036c                Reset_Handler
                0x0800036c                Bus_Fault
                0x0800036c                Default_Handler
                0x0800036c                Usage_Fault_Handler
                0x0800036c                NMI_Handler
 *(.rodata)
                0x080003ec                E_TEXT = .

.glue_7         0x080003ec        0x0
 .glue_7        0x080003ec        0x0 linker stubs

.glue_7t        0x080003ec        0x0
 .glue_7t       0x080003ec        0x0 linker stubs

.vfp11_veneer   0x080003ec        0x0
 .vfp11_veneer  0x080003ec        0x0 linker stubs

.v4_bx          0x080003ec        0x0
 .v4_bx         0x080003ec        0x0 linker stubs

.iplt           0x080003ec        0x0
 .iplt          0x080003ec        0x0 Alarm_Monitor.o

.rel.dyn        0x080003ec        0x0
 .rel.iplt      0x080003ec        0x0 Alarm_Monitor.o

.data           0x20000000       0x10 load address 0x080003ec
                0x20000000                S_DATA = .
 *(.data)
 .data          0x20000000        0x1 Alarm_Monitor.o
                0x20000000                current_state
 .data          0x20000001        0x0 Alarm_Monitor_Driver.o
 .data          0x20000001        0x0 driver.o
 .data          0x20000001        0x0 main.o
 *fill*         0x20000001        0x3 
 .data          0x20000004        0x8 main_Function.o
                0x20000004                main_Function_Reading
                0x20000008                threshold
 .data          0x2000000c        0x4 Pressure_Sensor.o
                0x2000000c                Pressure_Sensor_Reading
 .data          0x20000010        0x0 startup.o
                0x20000010                . = ALIGN (0x4)
                0x20000010                E_DATA = .

.igot.plt       0x20000010        0x0 load address 0x080003fc
 .igot.plt      0x20000010        0x0 Alarm_Monitor.o

.bss            0x20000010     0x1000 load address 0x080003fc
                0x20000010                S_BSS = .
 *(.bss)
 .bss           0x20000010        0x0 Alarm_Monitor.o
 .bss           0x20000010        0x0 Alarm_Monitor_Driver.o
 .bss           0x20000010        0x0 driver.o
 .bss           0x20000010        0x0 main.o
 .bss           0x20000010        0x0 main_Function.o
 .bss           0x20000010        0x0 Pressure_Sensor.o
 .bss           0x20000010        0x0 startup.o
                0x20000010                E_BSS = .
                0x20000010                . = ALIGN (0x4)
                0x20001010                . = (. + 0x1000)
 *fill*         0x20000010     0x1000 
                0x20001010                _STACK_TOP = .

.comment        0x080003fc       0x90
 *(.comment)
 .comment       0x080003fc       0x7e Alarm_Monitor.o
                                 0x7f (size before relaxing)
 .comment       0x0800047a       0x7f Alarm_Monitor_Driver.o
 .comment       0x0800047a       0x7f driver.o
 .comment       0x0800047a       0x7f main.o
 .comment       0x0800047a       0x7f main_Function.o
 .comment       0x0800047a       0x7f Pressure_Sensor.o
 .comment       0x0800047a       0x7f startup.o
 *(COMMON)
 *fill*         0x0800047a        0x2 
 COMMON         0x0800047c        0x4 Alarm_Monitor.o
                0x0800047c                Alarm_Monitor_state
 COMMON         0x08000480        0x4 Alarm_Monitor_Driver.o
                0x08000480                Alarm_Monitor_Driver_state
 COMMON         0x08000484        0x4 main_Function.o
                0x08000484                main_Function_state
 COMMON         0x08000488        0x4 Pressure_Sensor.o
                0x08000488                Pressure_Sensor_state
LOAD Alarm_Monitor.o
LOAD Alarm_Monitor_Driver.o
LOAD driver.o
LOAD main.o
LOAD main_Function.o
LOAD Pressure_Sensor.o
LOAD startup.o
OUTPUT(Pressure_Controller_Project.elf elf32-littlearm)

.ARM.attributes
                0x00000000       0x33
 .ARM.attributes
                0x00000000       0x33 Alarm_Monitor.o
 .ARM.attributes
                0x00000033       0x33 Alarm_Monitor_Driver.o
 .ARM.attributes
                0x00000066       0x33 driver.o
 .ARM.attributes
                0x00000099       0x33 main.o
 .ARM.attributes
                0x000000cc       0x33 main_Function.o
 .ARM.attributes
                0x000000ff       0x33 Pressure_Sensor.o
 .ARM.attributes
                0x00000132       0x33 startup.o

.debug_info     0x00000000     0x3e61
 .debug_info    0x00000000      0xa3b Alarm_Monitor.o
 .debug_info    0x00000a3b      0xa1a Alarm_Monitor_Driver.o
 .debug_info    0x00001455      0xa05 driver.o
 .debug_info    0x00001e5a      0xa22 main.o
 .debug_info    0x0000287c      0xa5a main_Function.o
 .debug_info    0x000032d6      0x9ed Pressure_Sensor.o
 .debug_info    0x00003cc3      0x19e startup.o

.debug_abbrev   0x00000000      0xba2
 .debug_abbrev  0x00000000      0x1d0 Alarm_Monitor.o
 .debug_abbrev  0x000001d0      0x1b6 Alarm_Monitor_Driver.o
 .debug_abbrev  0x00000386      0x1de driver.o
 .debug_abbrev  0x00000564      0x1c5 main.o
 .debug_abbrev  0x00000729      0x1f2 main_Function.o
 .debug_abbrev  0x0000091b      0x1c7 Pressure_Sensor.o
 .debug_abbrev  0x00000ae2       0xc0 startup.o

.debug_loc      0x00000000      0x598
 .debug_loc     0x00000000       0xc8 Alarm_Monitor.o
 .debug_loc     0x000000c8      0x168 Alarm_Monitor_Driver.o
 .debug_loc     0x00000230      0x140 driver.o
 .debug_loc     0x00000370       0x58 main.o
 .debug_loc     0x000003c8       0xe4 main_Function.o
 .debug_loc     0x000004ac       0x9c Pressure_Sensor.o
 .debug_loc     0x00000548       0x50 startup.o

.debug_aranges  0x00000000       0xe0
 .debug_aranges
                0x00000000       0x20 Alarm_Monitor.o
 .debug_aranges
                0x00000020       0x20 Alarm_Monitor_Driver.o
 .debug_aranges
                0x00000040       0x20 driver.o
 .debug_aranges
                0x00000060       0x20 main.o
 .debug_aranges
                0x00000080       0x20 main_Function.o
 .debug_aranges
                0x000000a0       0x20 Pressure_Sensor.o
 .debug_aranges
                0x000000c0       0x20 startup.o

.debug_line     0x00000000      0x787
 .debug_line    0x00000000       0xfe Alarm_Monitor.o
 .debug_line    0x000000fe      0x10e Alarm_Monitor_Driver.o
 .debug_line    0x0000020c      0x144 driver.o
 .debug_line    0x00000350      0x143 main.o
 .debug_line    0x00000493      0x10e main_Function.o
 .debug_line    0x000005a1       0xfc Pressure_Sensor.o
 .debug_line    0x0000069d       0xea startup.o

.debug_str      0x00000000      0x837
 .debug_str     0x00000000      0x546 Alarm_Monitor.o
                                0x5f4 (size before relaxing)
 .debug_str     0x00000546       0xdc Alarm_Monitor_Driver.o
                                0x5cf (size before relaxing)
 .debug_str     0x00000622       0x57 driver.o
                                0x553 (size before relaxing)
 .debug_str     0x00000679       0x3c main.o
                                0x5d9 (size before relaxing)
 .debug_str     0x000006b5       0x98 main_Function.o
                                0x62e (size before relaxing)
 .debug_str     0x0000074d       0x5d Pressure_Sensor.o
                                0x57e (size before relaxing)
 .debug_str     0x000007aa       0x8d startup.o
                                0x1af (size before relaxing)

.debug_frame    0x00000000      0x348
 .debug_frame   0x00000000       0x84 Alarm_Monitor.o
 .debug_frame   0x00000084       0xc8 Alarm_Monitor_Driver.o
 .debug_frame   0x0000014c       0xa0 driver.o
 .debug_frame   0x000001ec       0x48 main.o
 .debug_frame   0x00000234       0x78 main_Function.o
 .debug_frame   0x000002ac       0x68 Pressure_Sensor.o
 .debug_frame   0x00000314       0x34 startup.o
