STM32_F103C6_EXTI_Driver.c:36:6:Enable_NVIC	16	static
STM32_F103C6_EXTI_Driver.c:58:6:Disable_NVIC	16	static
STM32_F103C6_EXTI_Driver.c:89:6:Update_EXTI	24	static
STM32_F103C6_EXTI_Driver.c:159:6:MCAL_EXTI_GPIO_Init	16	static
STM32_F103C6_EXTI_Driver.c:172:6:MCAL_EXTI_GPIO_Update	16	static
STM32_F103C6_EXTI_Driver.c:185:6:MCAL_EXTI_GPIO_DeInit	4	static
STM32_F103C6_EXTI_Driver.c:209:6:EXTI0_IRQHandler	8	static
STM32_F103C6_EXTI_Driver.c:217:6:EXTI1_IRQHandler	8	static
STM32_F103C6_EXTI_Driver.c:224:6:EXTI2_IRQHandler	8	static
STM32_F103C6_EXTI_Driver.c:231:6:EXTI3_IRQHandler	8	static
STM32_F103C6_EXTI_Driver.c:237:6:EXTI4_IRQHandler	8	static
STM32_F103C6_EXTI_Driver.c:243:6:EXTI9_5_IRQHandler	8	static
STM32_F103C6_EXTI_Driver.c:254:6:EXTI15_10_IRQHandler	8	static
