
Memory Configuration

Name             Origin             Length             Attributes
FLASH            0x08000000         0x00020000         xr
SRAM             0x20000000         0x00005000         xrw
*default*        0x00000000         0xffffffff

Linker script and memory map


.text           0x08000000      0x114
                0x08000000                S_TEXT = .
 *(.vectors*)
 .vectors       0x08000000       0x1c startup.o
                0x08000000                vectors
 *(.text*)
 .text          0x0800001c       0x78 main.o
                0x0800001c                main
 .text          0x08000094       0x80 startup.o
                0x08000094                H_Fault_Handler
                0x08000094                MM_Fault_Handler
                0x08000094                Reset_Handler
                0x08000094                Bus_Fault
                0x08000094                Default_Handler
                0x08000094                Usage_Fault_Handler
                0x08000094                NMI_Handler
 *(.rodata)
                0x08000114                E_TEXT = .

.glue_7         0x08000114        0x0
 .glue_7        0x08000114        0x0 linker stubs

.glue_7t        0x08000114        0x0
 .glue_7t       0x08000114        0x0 linker stubs

.vfp11_veneer   0x08000114        0x0
 .vfp11_veneer  0x08000114        0x0 linker stubs

.v4_bx          0x08000114        0x0
 .v4_bx         0x08000114        0x0 linker stubs

.iplt           0x08000114        0x0
 .iplt          0x08000114        0x0 main.o

.rel.dyn        0x08000114        0x0
 .rel.iplt      0x08000114        0x0 main.o

.data           0x20000000        0x4 load address 0x08000114
                0x20000000                S_DATA = .
 *(.data)
 .data          0x20000000        0x4 main.o
                0x20000000                R_ODR
 .data          0x20000004        0x0 startup.o
                0x20000004                . = ALIGN (0x4)
                0x20000004                E_DATA = .

.igot.plt       0x20000004        0x0 load address 0x08000118
 .igot.plt      0x20000004        0x0 main.o

.bss            0x20000004     0x1000 load address 0x08000118
                0x20000004                S_BSS = .
 *(.bss)
 .bss           0x20000004        0x0 main.o
 .bss           0x20000004        0x0 startup.o
                0x20000004                E_BSS = .
                0x20000004                . = ALIGN (0x4)
                0x20001004                . = (. + 0x1000)
 *fill*         0x20000004     0x1000 
                0x20001004                _STACK_TOP = .

.comment        0x08000118       0x7e
 *(.comment)
 .comment       0x08000118       0x7e main.o
                                 0x7f (size before relaxing)
 .comment       0x08000196       0x7f startup.o
 *(COMMON)
LOAD main.o
LOAD startup.o
OUTPUT(learn_in_depth_cortex_m3_c_startup.elf elf32-littlearm)

.ARM.attributes
                0x00000000       0x33
 .ARM.attributes
                0x00000000       0x33 main.o
 .ARM.attributes
                0x00000033       0x33 startup.o

.debug_info     0x00000000      0x2ed
 .debug_info    0x00000000      0x14f main.o
 .debug_info    0x0000014f      0x19e startup.o

.debug_abbrev   0x00000000      0x19e
 .debug_abbrev  0x00000000       0xde main.o
 .debug_abbrev  0x000000de       0xc0 startup.o

.debug_loc      0x00000000       0x88
 .debug_loc     0x00000000       0x38 main.o
 .debug_loc     0x00000038       0x50 startup.o

.debug_aranges  0x00000000       0x40
 .debug_aranges
                0x00000000       0x20 main.o
 .debug_aranges
                0x00000020       0x20 startup.o

.debug_line     0x00000000      0x1c7
 .debug_line    0x00000000       0xdd main.o
 .debug_line    0x000000dd       0xea startup.o

.debug_str      0x00000000      0x1a7
 .debug_str     0x00000000      0x124 main.o
                                0x161 (size before relaxing)
 .debug_str     0x00000124       0x83 startup.o
                                0x1ba (size before relaxing)

.debug_frame    0x00000000       0x60
 .debug_frame   0x00000000       0x2c main.o
 .debug_frame   0x0000002c       0x34 startup.o
