
Memory Configuration

Name             Origin             Length             Attributes
FLASH            0x00000000         0x20000000         xr
SRAM             0x20000000         0x20000000         xrw
*default*        0x00000000         0xffffffff

Linker script and memory map


.text           0x00000000      0x130
                0x00000000                S_TEXT = .
 *(.vectors*)
 .vectors       0x00000000       0x1c startup.o
                0x00000000                g_ptr_fn_vectors
 *(.text*)
 .text          0x0000001c       0x94 main.o
                0x0000001c                main
 .text          0x000000b0       0x80 startup.o
                0x000000b0                H_Fault_Handler
                0x000000b0                MM_Fault_Handler
                0x000000b0                Reset_Handler
                0x000000b0                Bus_Fault
                0x000000b0                Default_Handler
                0x000000b0                Usage_Fault_Handler
                0x000000b0                NMI_Handler
 *(.rodata)
                0x00000130                E_TEXT = .

.glue_7         0x00000130        0x0
 .glue_7        0x00000130        0x0 linker stubs

.glue_7t        0x00000130        0x0
 .glue_7t       0x00000130        0x0 linker stubs

.vfp11_veneer   0x00000130        0x0
 .vfp11_veneer  0x00000130        0x0 linker stubs

.v4_bx          0x00000130        0x0
 .v4_bx         0x00000130        0x0 linker stubs

.iplt           0x00000130        0x0
 .iplt          0x00000130        0x0 main.o

.rel.dyn        0x00000130        0x0
 .rel.iplt      0x00000130        0x0 main.o

.data           0x20000000        0x0 load address 0x00000130
                0x20000000                S_DATA = .
 *(.data)
 .data          0x20000000        0x0 main.o
 .data          0x20000000        0x0 startup.o
                0x20000000                . = ALIGN (0x4)
                0x20000000                E_DATA = .

.igot.plt       0x20000000        0x0 load address 0x00000130
 .igot.plt      0x20000000        0x0 main.o

.bss            0x20000000      0x400 load address 0x00000130
                0x20000000                S_BSS = .
 *(.bss)
 .bss           0x20000000        0x0 main.o
 .bss           0x20000000      0x400 startup.o
                0x20000400                E_BSS = .
                0x20000400                . = ALIGN (0x4)

.comment        0x00000130       0x7e
 *(.comment)
 .comment       0x00000130       0x7e main.o
                                 0x7f (size before relaxing)
 .comment       0x000001ae       0x7f startup.o
 *(COMMON)
LOAD main.o
LOAD startup.o
OUTPUT(learn_in_depth_cortex_m4.elf elf32-littlearm)

.ARM.attributes
                0x00000000       0x33
 .ARM.attributes
                0x00000000       0x33 main.o
 .ARM.attributes
                0x00000033       0x33 startup.o

.debug_info     0x00000000      0x280
 .debug_info    0x00000000       0xb7 main.o
 .debug_info    0x000000b7      0x1c9 startup.o

.debug_abbrev   0x00000000      0x138
 .debug_abbrev  0x00000000       0x65 main.o
 .debug_abbrev  0x00000065       0xd3 startup.o

.debug_loc      0x00000000       0x88
 .debug_loc     0x00000000       0x38 main.o
 .debug_loc     0x00000038       0x50 startup.o

.debug_aranges  0x00000000       0x40
 .debug_aranges
                0x00000000       0x20 main.o
 .debug_aranges
                0x00000020       0x20 startup.o

.debug_line     0x00000000      0x1d4
 .debug_line    0x00000000       0xea main.o
 .debug_line    0x000000ea       0xea startup.o

.debug_str      0x00000000      0x19a
 .debug_str     0x00000000      0x105 main.o
                                0x142 (size before relaxing)
 .debug_str     0x00000105       0x95 startup.o
                                0x1bb (size before relaxing)

.debug_frame    0x00000000       0x60
 .debug_frame   0x00000000       0x2c main.o
 .debug_frame   0x0000002c       0x34 startup.o
